
> clipfy@0.0.0 build
> vite build

[36mvite v7.1.3 [32mbuilding for production...[36m[39m
transforming...
[32mΓ£ô[39m 5 modules transformed.
node.exe : 
[31mΓ£ù[39m Build 
failed in 120ms
At C:\Program Files\n
odejs\npm.ps1:29 
char:3
+   & $NODE_EXE 
$NPM_CLI_JS $args
+   ~~~~~~~~~~~~~~~~~
~~~~~~~~~~~~
    + CategoryInfo   
           : NotSpe  
  cified: ([31mΓ£   
 ù[39m Build fai    
led in 120ms:Str    
ing) [], RemoteE    
xception
    + FullyQualified 
   ErrorId : Native  
  CommandError
 
[31merror during 
build:
[31m[@tailwindcss/vi
te:generate:build] 
Cannot apply unknown 
utility class `shadow
-[4px_4px_0px_0px_rgb
a(255,`[31m
file: 
[36mC:/Users/Zayd Ta
hir/Clipfy/src/index.
css[31m
    at 
onInvalidCandidate (f
ile:///C:/Users/Zayd%
20Tahir/Clipfy/node_m
odules/tailwindcss/di
st/chunk-G2G5QLSU.mjs
:18:1529)
    at pe (file:///C:
/Users/Zayd%20Tahir/C
lipfy/node_modules/ta
ilwindcss/dist/chunk-
G2G5QLSU.mjs:13:29545
)
    at file:///C:/Use
rs/Zayd%20Tahir/Clipf
y/node_modules/tailwi
ndcss/dist/chunk-G2G5
QLSU.mjs:18:373
    at D (file:///C:/
Users/Zayd%20Tahir/Cl
ipfy/node_modules/tai
lwindcss/dist/chunk-G
2G5QLSU.mjs:3:1656)
    at Oe (file:///C:
/Users/Zayd%20Tahir/C
lipfy/node_modules/ta
ilwindcss/dist/chunk-
G2G5QLSU.mjs:18:172)
    at ti (file:///C:
/Users/Zayd%20Tahir/C
lipfy/node_modules/ta
ilwindcss/dist/chunk-
G2G5QLSU.mjs:35:780)
    at async mn (file
:///C:/Users/Zayd%20T
ahir/Clipfy/node_modu
les/tailwindcss/dist/
chunk-G2G5QLSU.mjs:35
:1123)
    at async $a (file
:///C:/Users/Zayd%20T
ahir/Clipfy/node_modu
les/tailwindcss/dist/
chunk-G2G5QLSU.mjs:35
:1898)
    at async $a (file
:///C:/Users/Zayd%20T
ahir/Clipfy/node_modu
les/@tailwindcss/node
/dist/index.mjs:10:34
33)
    at async 
C.generate (file:///C
:/Users/Zayd%20Tahir/
Clipfy/node_modules/@
tailwindcss/vite/dist
/index.mjs:1:3571)[3
9m
